// Jest Snapshot v1, https://goo.gl/fbAQLP

exports[`ReadMore renders correctly 1`] = `
<div
  className="readmore"
>
  <h4
    className="readmore-title"
  >
    YOU MIGHT ALSO LIKE
  </h4>
  <div
    className="readmore-links"
  >
    <div>
      <Link
        onClick={[Function]}
      >
        <img
          className="readmore-thumbnail"
          loading="lazy"
        />
      </Link>
      <Link
        onClick={[Function]}
      >
        <b />
      </Link>
      <p>
        <b>
          March 14, 2019
        </b>
      </p>
      <p />
    </div>
    <div>
      <Link
        onClick={[Function]}
      >
        <img
          className="readmore-thumbnail"
          loading="lazy"
        />
      </Link>
      <Link
        onClick={[Function]}
      >
        <b />
      </Link>
      <p>
        <b>
          March 14, 2019
        </b>
      </p>
      <p />
    </div>
  </div>
</div>
`;
