// Jest Snapshot v1, https://goo.gl/fbAQLP

exports[`NotFoundTemplate renders correctly 1`] = `
<div
  className="layout"
>
  <StaticQuery
    render={[Function]}
  />
  <div
    className="page"
  >
    <div
      className="page__inner"
    >
      <h1
        className="page__title"
      >
        NOT FOUND
      </h1>
      <div
        className="page__body"
      >
        <p>
          You just hit a route that doesn't exist... the sadness.
        </p>
      </div>
    </div>
  </div>
</div>
`;
