// Jest Snapshot v1, https://goo.gl/fbAQLP

exports[`PostTemplate renders correctly 1`] = `
Array [
  <div
    className="headroom-wrapper"
    style={
      Object {
        "height": null,
      }
    }
  >
    <div
      className="headroom headroom--unfixed"
      style={
        Object {
          "MsTransform": "translate3D(0, 0, 0)",
          "WebkitTransform": "translate3D(0, 0, 0)",
          "left": 0,
          "position": "relative",
          "right": 0,
          "top": 0,
          "transform": "translate3D(0, 0, 0)",
          "zIndex": 1,
        }
      }
    >
      <div
        className="header"
      >
        <div
          className="header__left"
        >
          <StaticQuery
            render={[Function]}
          />
        </div>
        <div
          className="header__right"
        >
          <StaticQuery
            render={[Function]}
          />
        </div>
      </div>
    </div>
  </div>,
  <StaticQuery
    render={[Function]}
  />,
  <div
    className="container hidden"
  >
    <h4
      className="title"
    >
      At least this isn't a full screen popup
    </h4>
    <p
      className="description"
    >
      That would be more annoying. Anyways, consider subscribing to my newsletter to 
      <b>
        get new posts by email!
      </b>
       I write about ML, Web Dev, and more.
    </p>
    <div
      className="container  no-spacing"
    >
      <form
        acceptCharset="utf-8"
        action="https://sendy.victorzhou.com/subscribe"
        method="post"
        onSubmit={[Function]}
        target="_blank"
      >
        <input
          name="Source"
          type="hidden"
          value="Popup:test"
        />
        <input
          name="list"
          type="hidden"
          value="CWC7638hEb6mfk1RqUbJ763snA"
        />
        <input
          name="subform"
          type="hidden"
          value="yes"
        />
        <input
          autoCapitalize="off"
          autoCorrect="off"
          name="hp"
          style={
            Object {
              "display": "none",
            }
          }
          tabIndex="-1"
          type="text"
        />
        <input
          aria-label="Email Address"
          autoCapitalize="off"
          autoCorrect="off"
          name="email"
          onKeyDown={[Function]}
          placeholder="example@domain.com"
          size="25"
          style={
            Object {
              "marginTop": 0,
            }
          }
          type="email"
        />
        <br />
        <input
          className=""
          type="submit"
          value="SUBMIT"
        />
      </form>
      <div
        className="g-recaptcha"
        data-callback="onSubscribeFormSubmit"
        data-sitekey="6Le4B78UAAAAAFAdZM2PCW_N0fewzkoQSkv9odSY"
        data-size="invisible"
      />
      <p
        className="recaptcha-message"
      >
        This site is protected by reCAPTCHA and the Google
         
        <a
          href="https://policies.google.com/privacy"
        >
          Privacy Policy
        </a>
         and
         
        <a
          href="https://policies.google.com/terms"
        >
          Terms of Service
        </a>
         apply.
      </p>
    </div>
    <button
      className="close"
      onClick={[Function]}
    >
      ✕
    </button>
  </div>,
  <div
    className="container "
  />,
]
`;
