// Jest Snapshot v1, https://goo.gl/fbAQLP

exports[`SubscriberTemplate renders correctly when updateSubscription is false 1`] = `
<StaticQuery
  render={[Function]}
/>
`;

exports[`SubscriberTemplate renders correctly when updateSubscription is true 1`] = `
<StaticQuery
  render={[Function]}
/>
`;
