// Jest Snapshot v1, https://goo.gl/fbAQLP

exports[`Pagination renders correctly 1`] = `
<div
  className="pagination "
>
  <div
    className="pagination__prev"
  >
    <Link
      className="pagination__prev-link"
      rel="prev"
      to="/test/1"
    >
      ← PREV
    </Link>
  </div>
  <ul
    className="pagination__list-container"
  >
    <li>
      <Link
        className=""
        to="/test/1"
      >
        1
      </Link>
    </li>
    <li>
      <Link
        className="selected"
        to="/test/2"
      >
        2
      </Link>
    </li>
    <li>
      <Link
        className=""
        to="/test/3"
      >
        3
      </Link>
    </li>
    <li>
      <Link
        className=""
        to="/test/4"
      >
        4
      </Link>
    </li>
    <li>
      <Link
        className=""
        to="/test/5"
      >
        5
      </Link>
    </li>
  </ul>
  <div
    className="pagination__next"
  >
    <Link
      className="pagination__next-link"
      rel="next"
      to="/test/3"
    >
      NEXT →
    </Link>
  </div>
</div>
`;
