// Jest Snapshot v1, https://goo.gl/fbAQLP

exports[`Post renders correctly 1`] = `
<div
  className="post"
>
  <div
    className="post__content"
  >
    <div
      className="content"
    >
      <h1
        className="content__title"
      >
        test
      </h1>
      <h2
        className="content__subtitle"
      />
      <div
        className="content__body"
        dangerouslySetInnerHTML={
          Object {
            "__html": "<p>test</p>",
          }
        }
      />
    </div>
  </div>
  <div
    className="post__subscribeForm"
  >
    <div
      className="container large"
    >
      <p
        className="description"
      >
        <b>
          Subscribe
        </b>
         to know whenever I post new stuff. No spam, for real.
      </p>
      <form
        action="https://victorzhou.us20.list-manage.com/subscribe/post"
        method="POST"
        target="_blank"
      >
        <input
          name="u"
          type="hidden"
          value="7cd5089a9bbc5253e6890ae15"
        />
        <input
          name="id"
          type="hidden"
          value="9f367a1f47"
        />
        <input
          aria-label="Email Address"
          autoCapitalize="off"
          autoCorrect="off"
          name="MERGE0"
          placeholder="example@domain.com"
          size="25"
          type="email"
        />
        <br />
        <input
          name="submit"
          type="submit"
          value="SUBSCRIBE"
        />
      </form>
    </div>
  </div>
  <div
    className="post__footer"
  >
    <div
      className="meta"
    >
      <p
        className="meta__date"
      >
        Published 
        1 Sep 2016
      </p>
    </div>
    <div
      className="tags"
    >
      <ul
        className="tags__list"
      >
        <li
          className="tags__list-item"
        >
          <h4
            className="tags__title"
          >
            Tags:
          </h4>
        </li>
        <li
          className="tags__list-item"
        >
          <Link
            className="tags__list-item-link"
            to="/test_0"
          >
            test_0
          </Link>
        </li>
        <li
          className="tags__list-item"
        >
          <Link
            className="tags__list-item-link"
            to="/test_1"
          >
            test_1
          </Link>
        </li>
      </ul>
    </div>
    <div
      className="post__authorContainer"
    >
      <StaticQuery
        render={[Function]}
      />
    </div>
    <StaticQuery
      render={[Function]}
    />
  </div>
  <div
    className="post__comments"
  >
    <StaticQuery
      render={[Function]}
    />
  </div>
</div>
`;
