// Jest Snapshot v1, https://goo.gl/fbAQLP

exports[`Post renders correctly 1`] = `
<div
  className="post"
>
  <article
    className="content"
  >
    <h1
      className="content__title "
    >
      test
    </h1>
    <h2
      className="content__subtitle"
    >
      test
    </h2>
    <div
      className="content__date"
    >
      <p
        className="content-date"
      >
        <time>
          March 14, 2019
        </time>
      </p>
    </div>
    <div
      className="container-small"
    />
    <div
      className="content__body"
      dangerouslySetInnerHTML={
        Object {
          "__html": "<p>test</p>",
        }
      }
    />
  </article>
  <div
    className="post__subscribeForm"
  >
    <div
      className="container large "
    >
      <p
        className="description"
      >
        I write about ML, Web Dev, and more. 
        <b>
          Subscribe to get new posts by email!
        </b>
      </p>
      <form
        acceptCharset="utf-8"
        action="https://sendy.victorzhou.com/subscribe"
        method="post"
        target="_blank"
      >
        <input
          name="Source"
          type="hidden"
          value="Post:test"
        />
        <input
          name="list"
          type="hidden"
          value="CWC7638hEb6mfk1RqUbJ763snA"
        />
        <input
          autoCapitalize="off"
          autoCorrect="off"
          name="hp"
          style={
            Object {
              "display": "none",
            }
          }
          tabIndex="-1"
          type="text"
        />
        <input
          aria-label="Email Address"
          autoCapitalize="off"
          autoCorrect="off"
          name="email"
          placeholder="example@domain.com"
          size="25"
          type="email"
        />
        <br />
        <input
          type="submit"
          value="SUBMIT"
        />
      </form>
    </div>
  </div>
  <div
    className="post__viewSource"
  >
    <p>
      <i>
        This blog is
         
        <a
          href="https://github.com/vzhou842/victorzhou.com"
          target="_blank"
        >
          open-source on Github
        </a>
        .
      </i>
    </p>
  </div>
  <div
    className="post__footer"
  >
    <div
      className="tags"
    >
      <ul
        className="tags__list"
      >
        <li
          className="tags__list-item"
        >
          <h4
            className="tags__title"
          >
            Tags:
          </h4>
        </li>
        <li
          className="tags__list-item"
        >
          <Link
            className="tags__list-item-link"
            to="/test_0"
          >
            test_0
          </Link>
        </li>
        <li
          className="tags__list-item"
        >
          <Link
            className="tags__list-item-link"
            to="/test_1"
          >
            test_1
          </Link>
        </li>
      </ul>
    </div>
    <div
      className="readmore"
    >
      <h4
        className="readmore-title"
      >
        YOU MIGHT ALSO LIKE
      </h4>
      <div
        className="readmore-links"
      >
        <div>
          <Link
            to="test"
          >
            <b>
              test
            </b>
          </Link>
          <p>
            <b>
              March 14, 2019
            </b>
          </p>
          <p>
            test
          </p>
        </div>
        <div>
          <Link
            to="test"
          >
            <b>
              test
            </b>
          </Link>
          <p>
            <b>
              March 14, 2019
            </b>
          </p>
          <p>
            test
          </p>
        </div>
      </div>
    </div>
    <div
      className="post__authorContainer"
    >
      <StaticQuery
        render={[Function]}
      />
    </div>
    <StaticQuery
      render={[Function]}
    />
  </div>
  <div
    className="post__comments"
  >
    <div
      style={
        Object {
          "paddingBottom": "320px",
        }
      }
    />
  </div>
</div>
`;
